// Jest Snapshot v1, https://goo.gl/fbAQLP

exports[`App matches Snapshot 1`] = `
<View
  style={
    Object {
      "alignItems": "center",
      "flex": 1,
      "justifyContent": "center",
      "paddingTop": 20,
    }
  }
  testID="welcome"
>
  <Text
    style={
      Object {
        "fontSize": 25,
        "marginBottom": 30,
      }
    }
  >
    Welcome
  </Text>
  <View
    accessible={true}
    isTVSelectable={true}
    onResponderGrant={[Function]}
    onResponderMove={[Function]}
    onResponderRelease={[Function]}
    onResponderTerminate={[Function]}
    onResponderTerminationRequest={[Function]}
    onStartShouldSetResponder={[Function]}
    style={
      Object {
        "opacity": 1,
      }
    }
    testID="hello_button"
  >
    <Text
      style={
        Object {
          "color": "blue",
          "marginBottom": 20,
        }
      }
    >
      Say Hello
    </Text>
  </View>
  <View
    accessible={true}
    isTVSelectable={true}
    onResponderGrant={[Function]}
    onResponderMove={[Function]}
    onResponderRelease={[Function]}
    onResponderTerminate={[Function]}
    onResponderTerminationRequest={[Function]}
    onStartShouldSetResponder={[Function]}
    style={
      Object {
        "opacity": 1,
      }
    }
    testID="world_button"
  >
    <Text
      style={
        Object {
          "color": "blue",
          "marginBottom": 20,
        }
      }
    >
      Say World
    </Text>
  </View>
</View>
`;
